// Jest Snapshot v1, https://goo.gl/fbAQLP

exports[`Tests in <FirstApp/> should make with snapshot 1`] = `
<div>
  <h1
    data-testid="test-title"
  >
    Hola, Soy Goku
  </h1>
  <p>
    No hay subtítulo
  </p>
  <p>
    No hay subtítulo
  </p>
  <p>
    Daniel Albanez
  </p>
</div>
`;
