// Jest Snapshot v1, https://goo.gl/fbAQLP

exports[`Tests in <FirstApp/> should make with snapshot 1`] = `
<div>
  <h1>
    Hola, soy Goku
  </h1>
  <p>
    No hay subt√≠tulo
  </p>
  <p>
    Daniel Albanez
  </p>
</div>
`;
